// Jest Snapshot v1, https://goo.gl/fbAQLP

exports[`<StepIcon /> Should render active step icon 1`] = `
<div
  className="makeStyles-root-1 makeStyles-active-2"
>
  <svg
    aria-hidden={true}
    className="MuiSvgIcon-root makeStyles-completed-4"
    focusable="false"
    viewBox="0 0 24 24"
  >
    <path
      d="M9 16.17L4.83 12l-1.42 1.41L9 19 21 7l-1.41-1.41z"
    />
  </svg>
</div>
`;
